#-----------------------------------------------------------
# Webtalk v2019.1 (64-bit)
# SW Build 2552052 on Fri May 24 14:47:09 MDT 2019
# IP Build 2548770 on Fri May 24 18:01:18 MDT 2019
# Start of session at: Wed Oct 13 18:30:08 2021
# Process ID: 19503
# Current directory: /afs/ee.cooper.edu/user/d/david.yang/Hardware Design/Week 6/adder_8bit/adder_8bit.sim/sim_1/synth/timing/xsim
# Command line: wbtcv -mode batch -source /afs/ee.cooper.edu/user/d/david.yang/Hardware Design/Week 6/adder_8bit/adder_8bit.sim/sim_1/synth/timing/xsim/xsim.dir/testbench_time_synth/webtalk/xsim_webtalk.tcl -notrace
# Log file: /afs/ee.cooper.edu/user/d/david.yang/Hardware Design/Week 6/adder_8bit/adder_8bit.sim/sim_1/synth/timing/xsim/webtalk.log
# Journal file: /afs/ee.cooper.edu/user/d/david.yang/Hardware Design/Week 6/adder_8bit/adder_8bit.sim/sim_1/synth/timing/xsim/webtalk.jou
#-----------------------------------------------------------
source /afs/ee.cooper.edu/user/d/david.yang/Hardware -notrace
