14:32:31 **** Auto Build of configuration Debug for project rx_tb ****
make pre-build main-build 
a9-linaro-pre-build-step
 
Building file: ../src/rx_tb.c
Invoking: ARM v7 gcc compiler
arm-none-eabi-gcc -Wall -O0 -g3 -c -fmessage-length=0 -MT"src/rx_tb.o" -mcpu=cortex-a9 -mfpu=vfpv3 -mfloat-abi=hard -I../../rx_tb_bsp/ps7_cortexa9_0/include -MMD -MP -MF"src/rx_tb.d" -MT"src/rx_tb.o" -o "src/rx_tb.o" "../src/rx_tb.c"
Finished building: ../src/rx_tb.c
 
Building target: rx_tb.elf
Invoking: ARM v7 gcc linker
arm-none-eabi-gcc -mcpu=cortex-a9 -mfpu=vfpv3 -mfloat-abi=hard -Wl,-build-id=none -specs=Xilinx.spec -Wl,-T -Wl,../src/lscript.ld -L../../rx_tb_bsp/ps7_cortexa9_0/lib -o "rx_tb.elf"  ./src/platform.o ./src/rx_tb.o   -Wl,--start-group,-lxil,-lgcc,-lc,--end-group
Finished building target: rx_tb.elf
 
Invoking: ARM v7 Print Size
arm-none-eabi-size rx_tb.elf  |tee "rx_tb.elf.size"
   text	   data	    bss	    dec	    hex	filename
  31332	   1576	  23416	  56324	   dc04	rx_tb.elf
Finished building: rx_tb.elf.size
 

14:32:32 Build Finished (took 365ms)

