23:00:44 **** Auto Build of configuration Debug for project tx_tb ****
make pre-build main-build 
a9-linaro-pre-build-step
 
Building file: ../src/tx_tb.c
Invoking: ARM v7 gcc compiler
arm-none-eabi-gcc -Wall -O0 -g3 -c -fmessage-length=0 -MT"src/tx_tb.o" -mcpu=cortex-a9 -mfpu=vfpv3 -mfloat-abi=hard -I../../tx_tb_bsp/ps7_cortexa9_0/include -MMD -MP -MF"src/tx_tb.d" -MT"src/tx_tb.o" -o "src/tx_tb.o" "../src/tx_tb.c"
Finished building: ../src/tx_tb.c
 
Building target: tx_tb.elf
Invoking: ARM v7 gcc linker
arm-none-eabi-gcc -mcpu=cortex-a9 -mfpu=vfpv3 -mfloat-abi=hard -Wl,-build-id=none -specs=Xilinx.spec -Wl,-T -Wl,../src/lscript.ld -L../../tx_tb_bsp/ps7_cortexa9_0/lib -o "tx_tb.elf"  ./src/platform.o ./src/tx_tb.o   -Wl,--start-group,-lxil,-lgcc,-lc,--end-group
Finished building target: tx_tb.elf
 
Invoking: ARM v7 Print Size
arm-none-eabi-size tx_tb.elf  |tee "tx_tb.elf.size"
   text	   data	    bss	    dec	    hex	filename
  31212	   1576	  23272	  56060	   dafc	tx_tb.elf
Finished building: tx_tb.elf.size
 

23:00:45 Build Finished (took 358ms)

